------------------------------------------------------------
Timing Analyzer Summary
------------------------------------------------------------

Type  : Slow 1100mV 85C Model Setup 'clk_i'
Slack : -53.610
TNS   : -1185.378

Type  : Slow 1100mV 85C Model Hold 'clk_i'
Slack : 0.259
TNS   : 0.000

Type  : Slow 1100mV 85C Model Minimum Pulse Width 'clk_i'
Slack : -0.394
TNS   : -61.491

Type  : Slow 1100mV 0C Model Setup 'clk_i'
Slack : -55.476
TNS   : -1223.138

Type  : Slow 1100mV 0C Model Hold 'clk_i'
Slack : 0.245
TNS   : 0.000

Type  : Slow 1100mV 0C Model Minimum Pulse Width 'clk_i'
Slack : -0.394
TNS   : -67.820

Type  : Fast 1100mV 85C Model Setup 'clk_i'
Slack : -29.178
TNS   : -611.757

Type  : Fast 1100mV 85C Model Hold 'clk_i'
Slack : 0.156
TNS   : 0.000

Type  : Fast 1100mV 85C Model Minimum Pulse Width 'clk_i'
Slack : -0.084
TNS   : -8.718

Type  : Fast 1100mV 0C Model Setup 'clk_i'
Slack : -27.779
TNS   : -576.846

Type  : Fast 1100mV 0C Model Hold 'clk_i'
Slack : 0.148
TNS   : 0.000

Type  : Fast 1100mV 0C Model Minimum Pulse Width 'clk_i'
Slack : -0.082
TNS   : -8.948

------------------------------------------------------------
